---
source: crates/tui/tests/snapshots.rs
expression: shot(&mut h)
---
  ▍ … › projects6/12 items
       Name ↑
  ────────────────────────
     ▸ data/
     ▸ src/
     ▸ 目录/
     · a-very-long-file-n…
     · backup.img
  ▎  · Cargo.toml
     · main.rs
     · notes.txt
     · README.md
     · тест-файл.md
  Enter open
