---
source: crates/tui/tests/snapshots.rs
expression: shot(&mut h)
---
  ‹   ›   ↑   ⌂ › demo › projects                                            ▽ txt▏   Go to… Ctrl+P   3 of 12
     │        Name ↑                                 Size  Type        │   ·
     │   ───────────────────────────────────────────────────────────── │
     │   ▎  · notes.txt                 ━━━━━━━  3.52 KiB  ● text      │
     │      · 日本語のファイル名.txt    ───────      16 B  ● text      │
     │      · 📷 holiday photos 🌴.txt  ───────       6 B  ● text      │
     │                                                                 │
     │                                                                 │
     │                                                                 │
     │                                                                 │
     │                                                                 │
     │                                                                 │
     │                                                                 │
     │                                                                 │
     │                                                                 │
     │                                                                 │
     │                                                                 │
     │                                                                 │
     │                                                                 │
     │                                                                 │
     │                                                                 │
     │                                                                 │
     │                                                                 │
                                          Enter  keep    Esc  clear
