---
source: crates/tui/tests/snapshots.rs
expression: out
---
text colour: t text, d dim, m muted, A accent, k a file kind, + tint
.mmm.mmm.ttt..dmmmddddmmmAAAAAAAA......................tttttttttttAAAAAAA.ttttttttAAAAAAAdddddddddd.
........AAAAAAAAAAAAAAAAAAAAAA..........ddddddddd..ddddddddd...m...kkttttttttt......................
...mmmmmmmmmmmmmmmmmmmmmmmmmmmmmmmmmmmmmmmmmmmmmmmmmmmmmmmmmmm.m...dddddddddddddddddddddd...........
...AA.AAAAAAA...........................mmmmmmmmm..mmmmmmmmm...m....................................
...AA.AAAAAA............................mmmmmmmmm..mmmmmmmmm...m...mmmtttttttttt....................
...AA.AAA.A.A...........................mmmmmmmmm..mmmmmmmmm...m...mmm..............................
...AA.kktttttttttttttttttttttt..mmmmmmm.ttttttttt..kkkkkkkkk...m...mmmtttttttttttttttttttttttttt....
...AA.kktttttttttt..............kkkkkkk.ttttttttt..kkkkkk......m...mmm..............................
...AA.kktttttttttt..............mmmmmmm.ttttttttt..kkkkkkkk....m...mmmtttttt........................
...AA.kkttttttt.................mmmmmmm.ttttttttt..kkkkkk......m...mmmtttttt........................
...AA.kkttttttttt...............mmmmmmm.ttttttttt..kkkkkk......m...mmmtttttttttt....................
...AA.kkttttttttt...............mmmmmmm.ttttttttt..kkkk........m....................................
...AA.kktttttttttttt............mmmmmmm.ttttttttt..kkkk........m....................................
...AA.kkt.t.t.t.t.t.t.t.t.tttt..mmmmmmm.ttttttttt..kkkkkk......m....................................
...AA.kkt.ttttttttttttttttt.tt..mmmmmmm.ttttttttt..kkkkkk......m....................................
...............................................................m....................................
...............................................................m....................................
...............................................................m....................................
...............................................................m....................................
...............................................................m....................................
...............................................................m....................................
...............................................................m....................................
...............................................................m....................................
...............................................................m....................................
...............................................................m....................................
....tttttttddddddddtttttttddddddddttttttttddddddddttttttttdddddddttttttttdddddddddtttttddddddddd....

background: . none, C cursor row, S selection, M mark, + tint
MMMMMMMMMSSSMMMMMMMMMMMMMMMMMMMMMMMMMMMMMMMMMMMMMMMMMMMSSSSSSSSSSSSSSSSSSMSSSSSSSSSSSSSSSMMMMMMMMMMM
....................................................................................................
....................................................................................................
....................................................................................................
....................................................................................................
....................................................................................................
....................................................................................................
....................................................................................................
....................................................................................................
....................................................................................................
....................................................................................................
...CCCCCCCCCCCCCCCCCCCCCCCCCCCCCCCCCCCCCCCCCCCCCCCCCCCCCCCCCCC......................................
....................................................................................................
....................................................................................................
....................................................................................................
....................................................................................................
....................................................................................................
....................................................................................................
....................................................................................................
....................................................................................................
....................................................................................................
....................................................................................................
....................................................................................................
....................................................................................................
....................................................................................................
MMMMSSSSSSSMMMMMMMMSSSSSSSMMMMMMMMSSSSSSSSMMMMMMMMSSSSSSSSMMMMMMMSSSSSSSSMMMMMMMMMSSSSSMMMMMMMMMMMMM
