---
source: crates/tui/tests/snapshots.rs
expression: shot(&mut h)
---
 rada  ▸ projects  ✕   +                                                vim + classic keys   ? Help
  ←   →   ↑   ⟳   ⌂ Home › demo › projects                                ⌕ Search in proj… Ctrl+F
  + New ▾  │ ✂ Cut  ⧉ Copy  ⎘ Paste  ✎ Rename  ▣ Compress  ✗ Delete │ ⇅ Sort ▾  ≣ View ▾ │ ↶ Undo  ⋯
  ⌂ Home                    │ ☐   Name ↑           Date modified   Type                        Size
                            │ ☐ ▸ data             6 days ago      Folder
                            │ ☐ ▸ src              6 days ago      Folder
                            │ ☐ ▸ 目录             6 days ago      Folder
                            │ ☐ · a-very-long-fi…  12 days ago     Archive (tar.gz)             1 B
      ╭──────────────────────────────────────────────────────────────────────────────────────╮20 MB
      │                                                                                      │ 42 B
      │   Rename                                                                             │ 37 B
      │                                                                                      │52 KB
      │  New name                                                                            │ 73 B
      │  › main.rs                                                                           │ 13 B
      │                                                                                      │ 16 B
      │                                                                                      │  6 B
      │                                                                                      │
      ╰──────────────────────────────────────────────────────────────────────────────────────╯
                            │
                            │
                            │
                            │
                            │
                            │
 12 items                                                                                     ≣  ▦
   Enter  ok     Esc  cancel
