---
source: crates/tui/tests/snapshots.rs
expression: shot(&mut h)
---
   ▍ ~ › demo › projects                                                    1/12 items   ⌕ Ctrl+P   F1 help

       Name ↑                         Size  Type          Modified   │   ▸
   ───────────────────────────────────────────────────────────────── │
   ▎ ▸ data/                             —  Folder      6 days ago   │
     ▸ src/                              —  Folder      6 days ago   │
     ▸ 目录/                             —  Folder      6 days ago   │
     · a-very-lo╭────────────────────────────────────────────────────────────────────────────╮
     · backup.im│                                                                            │
     · Cargo.tom│  ⌕  projec                                                                 │
     · main.rs  │  ────────────────────────────────────────────────────────────────────────  │
     · notes.txt│  ▎ ▸ data                      ~/demo/projects/data                folder  │
     · README.md│    ▸ src                       ~/demo/projects/src                 folder  │
     · тест-файл│                                                                            │
     · 日本語のフ  ↑↓ move   Enter go   Esc close   3 results                                │
     · 📷 holida│                                                                            │
                ╰────────────────────────────────────────────────────────────────────────────╯
                                                                     │
                                                                     │
                                                                     │
                                                                     │
                                                                     │
                                                                     │
                                                                     │
                                                                     │
                                                                     │
                                                                     │
                                                                     │
                                                                     │
   Enter open   Space mark   Ctrl+C copy   Ctrl+X cut   Ctrl+V paste   Del trash   F2 rename
