---
source: crates/tui/tests/snapshots.rs
expression: out
---
[rada-light] canvas #ffffff
  text          #1c2234
  text_dim      #545e7a
  muted         #969eb2
  accent        #2365e1
  on_accent     #ffffff
  selection     #d6e4ff
  mark          #e8f0fe
  track         #dfe4ee
  success       #1a814d
  warn          #9d6608
  error         #d13044
  kind.code     #96680d
  kind.markup   #8952d2
  kind.text     #67718d
  kind.doc      #bb4b32
  kind.image    #8952d6
  kind.vector   #1178b4
  kind.audio    #c33e85
  kind.video    #cd375b
  kind.archive  #996618
  kind.data     #107d6a
  kind.config   #647292
  kind.binary   #288139
  kind.other    #696f89
  kind.folder   #2365e1
  kind.link     #117d85
  tint(accent)  #e0e9fa
[catppuccin-latte] canvas #eff1f5
  text          #3e4058
  text_dim      #5f6379
  muted         #9295a7
  accent        #1b5de0
  on_accent     #ffffff
  selection     #d4dbee
  mark          #e0e5f2
  track         #d6dae5
  success       #2f7620
  warn          #925d13
  error         #d20f39
  kind.code     #895f0c
  kind.markup   #814dc6
  kind.text     #5e6781
  kind.doc      #b0472f
  kind.image    #814dca
  kind.vector   #106ea5
  kind.audio    #b23979
  kind.video    #bb3253
  kind.archive  #8b5d15
  kind.data     #0f7664
  kind.config   #5c6885
  kind.binary   #257634
  kind.other    #636981
  kind.folder   #1b5de0
  kind.link     #0f727a
  tint(accent)  #d1dcf2
[tokyo-night-day] canvas #e1e2e7
  text          #343b58
  text_dim      #535c84
  muted         #8289a7
  accent        #225cac
  on_accent     #ffffff
  selection     #c8d0ec
  mark          #d4d9ee
  track         #d0d3de
  success       #4e6832
  warn          #755a34
  error         #b51f4a
  kind.code     #7d570b
  kind.markup   #7647b4
  kind.text     #565e76
  kind.doc      #a1402b
  kind.image    #7647b8
  kind.vector   #0e6496
  kind.audio    #a2346f
  kind.video    #b02f4e
  kind.archive  #835714
  kind.data     #0d6c5b
  kind.config   #545f7a
  kind.binary   #226c2f
  kind.other    #5a6076
  kind.folder   #225cac
  kind.link     #0e6b72
  tint(accent)  #c6cfde
