---
source: crates/tui/tests/snapshots.rs
expression: out
---
text colour: t text, d dim, m muted, A accent, k a file kind, + tint
...A.dmmmddddmmmAAAAAAAA..........................................dddddddddddddddAAAAAAdddAAddddd...
....................................................................................................
.......AAAAAAAAAAAAAAAAAAAAAAA..........ddddddddd..ddddddddd...m...kkttttttttt......................
...mmmmmmmmmmmmmmmmmmmmmmmmmmmmmmmmmmmmmmmmmmmmmmmmmmmmmmmmmmm.m...dddddddddddddddddddddd...........
.....AAAAAAA............................mmmmmmmmm..ddddddddd...m....................................
.....AAAAAA.............................mmmmmmmmm..ddddddddd...m...mmmtttttttttt....................
.....AAA.A.A............................mmmmmmmmm..ddddddddd...m...mmm..............................
.....kkttttttttttttttttttttttt..mmmmmmm.ttttttttt..kkkkkkkkk...m...mmmtttttttttttttttttttttttttt....
.....kktttttttttt...............kkkkkkk.ttttttttt..ddddddddd...m...mmm..............................
.....kktttttttttt...............mmmmmmm.ttttttttt..kkkkkkkk....m...mmmtttttt........................
.....kkttttttt..................mmmmmmm.ttttttttt..kkkkkk......m...mmmtttttt........................
.....kkttttttttt................mmmmmmm.ttttttttt..kkkkkk......m...mmmtttttttttt....................
...AAkkttttttttt................mmmmmmm.ttttttttt..kkkk........m....................................
.....kktttttttttttt.............mmmmmmm.ttttttttt..kkkk........m....................................
.....kkt.t.t.t.t.t.t.t.t.tttt...mmmmmmm.ttttttttt..kkkkkk......m....................................
.....kkt.ttttttttttttttttt.ttt..mmmmmmm.ttttttttt..kkkkkk......m....................................
...............................................................m....................................
...............................................................m....................................
...............................................................m....................................
...............................................................m....................................
...............................................................m....................................
...............................................................m....................................
...............................................................m....................................
...............................................................m....................................
...............................................................m....................................
...AAAAAddddddddAAAAAddddddddAAAAAAddddddddAAAAAAdddddddAAAAAAdddddddddAAAdddddddddAAdddddddddd.....

background: . none, S selection, M mark, + tint
....................................................................................................
....................................................................................................
....................................................................................................
....................................................................................................
....................................................................................................
....................................................................................................
....................................................................................................
....................................................................................................
....................................................................................................
....................................................................................................
....................................................................................................
....................................................................................................
...SSSSSSSSSSSSSSSSSSSSSSSSSSSSSSSSSSSSSSSSSSSSSSSSSSSSSSSSSSS......................................
....................................................................................................
....................................................................................................
....................................................................................................
....................................................................................................
....................................................................................................
....................................................................................................
....................................................................................................
....................................................................................................
....................................................................................................
....................................................................................................
....................................................................................................
....................................................................................................
....................................................................................................
