---
source: crates/tui/tests/snapshots.rs
expression: shot(&mut h)
---
  ‹   ›   ↑   ⌂ › demo › projects                                           ⌕ Filter… Ctrl+F   Go to… Ctrl+P   12 items
     │        Name ↑                           Size  Type          Modified   │   · Cargo.toml
  ⌂  │   ──────────────────────────────────────────────────────────────────── │   UTF-8 · 42 B · 5 weeks ago
     │      ▸ data/                               —  Folder      6 days ago   │
     │      ▸ src/                                —  Folder      6 days ago   │   1  [package]
     │      ▸ 目录/                               —  Folder      6 days ago   │   2  name = "demo"
     │      · a-very-long-file-…  ───────       1 B  ● archive  12 days ago   │   3  version = "0.1.0"
     │      · backup.img          ━━━━━━━   420 MiB  ● file      9 days ago   │
     │    ● · Cargo.toml          ───────      42 B  ● config    2 days ago   │
     │    ● · main.rs             ───────      37 B  ● code       yesterday   │
     │   ▎  · notes.txt           ───────  3.52 KiB  ● text     5 weeks ago   │
     │      · README.md           ───────      73 B  ● md           3 h ago   │
     │      · тест-файл.md        ───────      13 B  ● md           1 h ago   │
     │      · 日本語のファイル…   ───────      16 B  ● text      5 days ago   │
     │      · 📷 holiday photos…  ───────       6 B  ● text        Nov 2028   │
     │                                                                        │
     │                                                                        │
     │                                                                        │
     │                                                                        │
     │                                                                        │
     │                                                                        │
     │                                                                        │
     │                                                                        │
     │                                                                        │
     │                                                                        │
     │                                                                        │
     │                                                                        │
     │                                                                        │
     │                                                                        │
 ● 2 selected · 79 B          Ctrl+C  copy    Ctrl+X  cut    Del  trash    Shift+Del  delete    R  bulk rename
