---
source: crates/tui/tests/snapshots.rs
expression: shot(&mut h)
---
 rada  ▸ projects  ✕   +                                       ? Help
  ←   →   ↑   ⟳   ⌂ Home › demo › projects          ⌕ Search… Ctrl+F
  +▾  │ ✂   ⧉   ⎘   ✎   ▣   ✗ │ ⇅   ≣ │ ↶                            ⋯
  ⌂  │ ☐   Name ↑                          Date modified         Size
     │ ☐ ▸ data                            6 days ago
     │ ☐ ▸ src                             6 days ago
     │ ☐ ▸ 目录                            6 days ago
     │ ☐ · a-very-long-file-name-that-ke…  12 days ago            1 B
     │ ☐ · backup.img                      9 days ago          420 MB
     │▌☐ · Cargo.toml                      2 days ago            42 B
     │ ☐ · main.rs                         Yesterday             37 B
     │ ☐ · notes.txt                       5 weeks ago        3.52 KB
     │ ☐ · README.md                       Today 09:00           73 B
     │ ☐ · тест-файл.md                    Today 10:30           13 B
     │ ☐ · 日本語のファイル名.txt          5 days ago            16 B
     │ ☐ · 📷 holiday photos 🌴.txt        27/11/2028             6 B
     │
     │
     │
     │
     │
     │
 12 items                                                       ≣  ▦
   Enter  open     Space  select     Ctrl+C  copy     Ctrl+V  paste
