---
source: crates/tui/tests/snapshots.rs
expression: shot(&mut h)
---
 rada  ▸ backup  ✕   +                                                                      vim + classic keys   ? Help
  ←   →   ↑   ⟳   ⌂ Home › demo › backup                                                      ⌕ Search in back… Ctrl+F
▄▄▄▄▄▄▄▄▄▄▄▄▄▄▄▄▄▄▄▄▄▄▄▄▄▄▄▄▄▄▄▄▄▄▄▄▄▄▄▄▄▄▄▄▄▄▄▄▄▄▄▄▄▄▄▄▄▄▄▄▄▄▄▄▄▄▄▄▄▄▄▄▄▄▄▄▄▄▄▄▄▄▄▄▄▄▄▄▄▄▄▄▄▄▄▄▄▄▄▄▄▄▄▄▄▄▄▄▄▄▄▄▄▄▄▄▄▄▄▄
  + New ▾  │ ✂ Cut  ⧉ Copy  ⎘ Paste  ✎ Rename  ▣ Compress  ✗ Delete │ ⇅ Sort ▾  ≣ View ▾ │ ↶ Undo                      ⋯
▀▀▀▀▀▀▀▀▀▀▀▀▀▀▀▀▀▀▀▀▀▀▀▀▀▀▀▀▀▀▀▀▀▀▀▀▀▀▀▀▀▀▀▀▀▀▀▀▀▀▀▀▀▀▀▀▀▀▀▀▀▀▀▀▀▀▀▀▀▀▀▀▀▀▀▀▀▀▀▀▀▀▀▀▀▀▀▀▀▀▀▀▀▀▀▀▀▀▀▀▀▀▀▀▀▀▀▀▀▀▀▀▀▀▀▀▀▀▀▀
  ⌂ Home                    │ ☐   Name ↑                               Date modified   Type                        Size
                            │▌☐ · README.md                            10/10/2026      Markdown                     3 B
                            │
      ╭──────────────────────────────────────────────────────────────────────────────────────────────────────────╮
      │                                                                                                          │
      │   Copy                                                                                                   │
      │  Copy 2 items                                                                                            │
      │  From  ~/demo/projects                                                                                   │
      │  To    ~/demo/backup                                                                                     │
      │                                                                                                          │
      │  2             79 B                                                                                      │
      │  files         in total                                                                                  │
      │                                                                                                          │
      │  If a name already exists    skip  keep both  overwrite    c to change                                   │
      │                                                                                                          │
      │  What will happen                                                                                        │
      │  · Cargo.toml                                  copy                                              42 B    │
      │  · main.rs                                     copy                                              37 B    │
      │                                                                                                          │
      │   Enter  Run    Esc  Cancel       ↑↓ scroll                                                              │
      │                                                                                                          │
      ╰──────────────────────────────────────────────────────────────────────────────────────────────────────────╯
                            │
                            │
                            │
                            │
                            │
 1 item  │  ⎘ 2 items ready to paste                            ●  2 items copied — go to the destination and press p
▄▄▄▄▄▄▄▄▄▄▄▄▄▄▄▄▄▄▄▄▄▄▄▄▄▄▄▄▄▄▄▄▄▄▄▄▄▄▄▄▄▄▄▄▄▄▄▄▄▄▄▄▄▄▄▄▄▄▄▄▄▄▄▄▄▄▄▄▄▄▄▄▄▄▄▄▄▄▄▄▄▄▄▄▄▄▄▄▄▄▄▄▄▄▄▄▄▄▄▄▄▄▄▄▄▄▄▄▄▄▄▄▄▄▄▄▄▄▄▄
   Enter  run     Esc  cancel
▀▀▀▀▀▀▀▀▀▀▀▀▀▀▀▀▀▀▀▀▀▀▀▀▀▀▀▀▀▀▀▀▀▀▀▀▀▀▀▀▀▀▀▀▀▀▀▀▀▀▀▀▀▀▀▀▀▀▀▀▀▀▀▀▀▀▀▀▀▀▀▀▀▀▀▀▀▀▀▀▀▀▀▀▀▀▀▀▀▀▀▀▀▀▀▀▀▀▀▀▀▀▀▀▀▀▀▀▀▀▀▀▀▀▀▀▀▀▀▀
