---
source: crates/tui/tests/snapshots.rs
expression: shot(&mut h)
---
 rada  ▸ projects  ✕   +                                                          vim + classic keys   ? Help
  ←   →   ↑   ⟳   ⌂ Home › demo › projects                                          ⌕ Search in proj… Ctrl+F
▄▄▄▄▄▄▄▄▄▄▄▄▄▄▄▄▄▄▄▄▄▄▄▄▄▄▄▄▄▄▄▄▄▄▄▄▄▄▄▄▄▄▄▄▄▄▄▄▄▄▄▄▄▄▄▄▄▄▄▄▄▄▄▄▄▄▄▄▄▄▄▄▄▄▄▄▄▄▄▄▄▄▄▄▄▄▄▄▄▄▄▄▄▄▄▄▄▄▄▄▄▄▄▄▄▄▄▄▄▄
  + New ▾  │ ✂ Cut  ⧉ Copy  ⎘ Paste  ✎ Rename  ▣ Compress  ✗ Delete │ ⇅ Sort ▾  ≣ View ▾ │ ↶ Undo            ⋯
▀▀▀▀▀▀▀▀▀▀▀▀▀▀▀▀▀▀▀▀▀▀▀▀▀▀▀▀▀▀▀▀▀▀▀▀▀▀▀▀▀▀▀▀▀▀▀▀▀▀▀▀▀▀▀▀▀▀▀▀▀▀▀▀▀▀▀▀▀▀▀▀▀▀▀▀▀▀▀▀▀▀▀▀▀▀▀▀▀▀▀▀▀▀▀▀▀▀▀▀▀▀▀▀▀▀▀▀▀▀
  ⌂ Home                    │ ☐   Name ↑                     Date modified   Type                        Size
   ╭──────────────────────────────────────────────────────────────────────────────────────────────────────╮
   │                                                                                                      │
   │   Delete                                                                                             │
   │  Permanently delete 1 item                                                                           │ B
   │  In    ~/demo/projects                                                                               │MB
   │                                                                                                      │ B
   │  1             3.52 KB                                                                               │ B
   │  file          freed                                                                                 │KB
   │                                                                                                      │ B
   │  ▲ PERMANENT: this cannot be undone                                                                  │ B
   │                                                                                                      │ B
   │  What will happen                                                                                    │ B
   │  · notes.txt                                 delete                                       3.52 KB    │
   │  This cannot be undone.  Type yes to confirm: ▏                                                      │
   │                                                                                                      │
   │   Enter  Run    Esc  Cancel                                                                          │
   │                                                                                                      │
   ╰──────────────────────────────────────────────────────────────────────────────────────────────────────╯
                            │
                            │
 12 items                                                                                               ≣  ▦
▄▄▄▄▄▄▄▄▄▄▄▄▄▄▄▄▄▄▄▄▄▄▄▄▄▄▄▄▄▄▄▄▄▄▄▄▄▄▄▄▄▄▄▄▄▄▄▄▄▄▄▄▄▄▄▄▄▄▄▄▄▄▄▄▄▄▄▄▄▄▄▄▄▄▄▄▄▄▄▄▄▄▄▄▄▄▄▄▄▄▄▄▄▄▄▄▄▄▄▄▄▄▄▄▄▄▄▄▄▄
   Enter  run     Esc  cancel
▀▀▀▀▀▀▀▀▀▀▀▀▀▀▀▀▀▀▀▀▀▀▀▀▀▀▀▀▀▀▀▀▀▀▀▀▀▀▀▀▀▀▀▀▀▀▀▀▀▀▀▀▀▀▀▀▀▀▀▀▀▀▀▀▀▀▀▀▀▀▀▀▀▀▀▀▀▀▀▀▀▀▀▀▀▀▀▀▀▀▀▀▀▀▀▀▀▀▀▀▀▀▀▀▀▀▀▀▀▀
