---
source: crates/tui/tests/snapshots.rs
expression: shot(&mut h)
---
  ‹   ›   ↑   ⌂ › demo › projects                                 ⌕ Filter… Ctrl+F   Go to… Ctrl+P   12 items
     │        Name ↑                                 Size  Type        │   · main.rs
  ⌂  │   ───────────────────────────────────────────────────────────── │   UTF-8 · 37 B · yesterday
     │      ▸ data/                                     —  Folder      │
     │      ▸ src/                                      —  Folder      │   1  fn main() {
     │      ▸ 目录/                                     —  Folder      │   2      println!("hello");
     │      · a-very-long-file-name-t…  ───────       1 B  ● archive   │   3  }
     │      · backup.img                ━━━━━━━   420 MiB  ● file      │
     │      · Cargo.toml                ───────      42 B  ● config    │
     │   ▎  · main.rs                  ╭────────────────────────────────╮
     │      · notes.txt                │ Open                      Enter│
     │      · README.md                │────────────────────────────────│
     │      · тест-файл.md             │ Copy                     Ctrl+C│
     │      · 日本語のファイル名.txt   │ Cut                      Ctrl+X│
     │      · 📷 holiday photos 🌴.txt │ Paste                    Ctrl+V│
     │                                 │────────────────────────────────│
     │                                 │ Rename                       F2│
     │                                 │ Move to trash               Del│
     │                                 │ Delete permanently    Shift+Del│
     │                                 │────────────────────────────────│
     │                                 │ New folder               Ctrl+N│
     │                                 │ Select all               Ctrl+A│
     │                                 │────────────────────────────────│
     │                                 │ Undo                     Ctrl+Z│
     │                                 │ Redo                     Ctrl+Y│
     │                                 │────────────────────────────────│
     │                                 │ Help                         F1│
     │                                 ╰────────────────────────────────╯
     │                                                                 │
                                                 Esc  close
