---
source: crates/tui/tests/snapshots.rs
expression: out
---
text colour: t text, d dim, m muted, A accent, k a file kind, + tint
.mmm.mmm.ttt..dmmmddddmmmAAAAAAAA......................tttttttttttAAAAAAA.ttttttttAAAAAAAdddddddddd.
.....m........AAAAAAAAAAAAAAAAAA..........ddddddddd..ddddddddd...m...kkttttttttt....................
Addd.m...mmmmmmmmmmmmmmmmmmmmmmmmmmmmmmmmmmmmmmmmmmmmmmmmmmmmmmm.m...dddddddddddddddddddddd.........
.....m...AA.AAAAAAA.......................mmmmmmmmm..mmmmmmmmm...m..................................
.....m...AA.AAAAAA........................mmmmmmmmm..mmmmmmmmm...m...mmmtttttttttt..................
.....m...AA.AAA.A.A.......................mmmmmmmmm..mmmmmmmmm...m...mmm............................
.....m...AA.kktttttttttttttttttt..mmmmmmm.ttttttttt..kkkkkkkkk...m...mmmtttttttttttttttttttttttt....
.....m...AA.kktttttttttt..........kkkkkkk.ttttttttt..kkkkkk......m...mmm............................
.....m...AA.kktttttttttt..........mmmmmmm.ttttttttt..kkkkkkkk....m...mmmtttttt......................
.....m...AA.kkttttttt.............mmmmmmm.ttttttttt..kkkkkk......m...mmmtttttt......................
.....m...AA.kkttttttttt...........mmmmmmm.ttttttttt..kkkkkk......m...mmmtttttttttt..................
.....m...AA.kkttttttttt...........mmmmmmm.ttttttttt..kkkk........m..................................
.....m...AA.kktttttttttttt........mmmmmmm.ttttttttt..kkkk........m..................................
.....m...AA.kkt.t.t.t.t.t.t.t.t...mmmmmmm.ttttttttt..kkkkkk......m..................................
.....m...AA.kkt.tttttttttttttttt..mmmmmmm.ttttttttt..kkkkkk......m..................................
.....m...........................................................m..................................
.....m...........................................................m..................................
.....m...........................................................m..................................
.....m...........................................................m..................................
.....m...........................................................m..................................
.....m...........................................................m..................................
.....m...........................................................m..................................
.....m...........................................................m..................................
.....m...........................................................m..................................
.....m...........................................................m..................................
....tttttttddddddddtttttttddddddddttttttttddddddddttttttttdddddddttttttttdddddddddtttttddddddddd....

background: . none, C cursor row, S selection, M mark, + tint
MMMMMMMMMSSSMMMMMMMMMMMMMMMMMMMMMMMMMMMMMMMMMMMMMMMMMMMSSSSSSSSSSSSSSSSSSMSSSSSSSSSSSSSSSMMMMMMMMMMM
....................................................................................................
....................................................................................................
....................................................................................................
....................................................................................................
....................................................................................................
....................................................................................................
....................................................................................................
....................................................................................................
....................................................................................................
....................................................................................................
.........CCCCCCCCCCCCCCCCCCCCCCCCCCCCCCCCCCCCCCCCCCCCCCCCCCCCCCC....................................
....................................................................................................
....................................................................................................
....................................................................................................
....................................................................................................
....................................................................................................
....................................................................................................
....................................................................................................
....................................................................................................
....................................................................................................
....................................................................................................
....................................................................................................
....................................................................................................
....................................................................................................
MMMMSSSSSSSMMMMMMMMSSSSSSSMMMMMMMMSSSSSSSSMMMMMMMMSSSSSSSSMMMMMMMSSSSSSSSMMMMMMMMMSSSSSMMMMMMMMMMMMM
