---
source: crates/tui/tests/snapshots.rs
expression: shot(&mut h)
---
  ‹   ›   ↑   ⌂ › demo › projects                                            ▽ txt▏   Go to… Ctrl+P   3 of 12
        Name ↑                        Size  Type          Modified   │   ·
   ───────────────────────────────────────────────────────────────── │
   ▎  · notes.txt        ━━━━━━━  3.52 KiB  ● text     5 weeks ago   │
      · 日本語のファイ…  ───────      16 B  ● text      5 days ago   │
      · 📷 holiday pho…  ───────       6 B  ● text        Nov 2028   │
                                                                     │
                                                                     │
                                                                     │
                                                                     │
                                                                     │
                                                                     │
                                                                     │
                                                                     │
                                                                     │
                                                                     │
                                                                     │
                                                                     │
                                                                     │
                                                                     │
                                                                     │
                                                                     │
                                                                     │
                                          Enter  keep    Esc  clear
