---
source: crates/tui/tests/snapshots.rs
expression: shot(&mut h)
---
  ‹   ›   ↑   ⌂ › demo › projects                                 ⌕ Filter… Ctrl+F   Go to… Ctrl+P   12 items
        Name ↑                        Size  Type          Modified   │   · notes.txt
   ───────────────────────────────────────────────────────────────── │   UTF-8 · 3.52 KiB · 5 weeks ago
      ▸ data/                            —  Folder      6 days ago   │
      ▸ src/                             —  Folder      6 days ago   │     1  remember the milk
      ▸ 目录/                            —  Folder      6 days ago   │     2  remember the milk
   ╭──────────────────────────────────────────────────────────────────────────────────────────────────────╮
   │                                                                                                      │
   │   Delete                                                                                             │
   │  Permanently delete 1 item                                                                           │
   │  In    ~/demo/projects                                                                               │
   │                                                                                                      │
   │  1             3.52 KiB                                                                              │
   │  file          freed                                                                                 │
   │                                                                                                      │
   │  ▲ PERMANENT: this cannot be undone                                                                  │
   │                                                                                                      │
   │  What will happen                                                                                    │
   │  · notes.txt                                 delete                                      3.52 KiB    │
   │  This cannot be undone.  Type yes to confirm: ▏                                                      │
   │                                                                                                      │
   │   Enter  Run    Esc  Cancel                                                                          │
   │                                                                                                      │
   ╰──────────────────────────────────────────────────────────────────────────────────────────────────────╯
                                                                     │    21  remember the milk
                                                                     │    22  remember the milk
                                                                     │    23  remember the milk
                                                                     │    24  remember the milk
                                                                     │    25  remember the milk
                                          Enter  run    Esc  cancel
