---
source: crates/tui/tests/snapshots.rs
expression: shot(&mut h)
---
 ‹ 1/1 ›  projects  +
  ↑   ⟳   … › projects
 ☐   Name ↑            Size
 ☐ ▸ data
 ☐ ▸ src
 ☐ ▸ 目录
 ☐ · a-very-lo…         1 B
 ☐ · backup.img      420 MB
▌☐ · Cargo.toml        42 B
 ☐ · main.rs           37 B
 ☐ · notes.txt      3.52 KB
 ☐ · README.md         73 B
 ☐ · тест-файл…        13 B
 12 items             ≣  ▦
